<kevm>
  <k>
    check "account" : { 244687034288125203496486448490407391986876152250 : { "balance" : 3000017592186844416 , .JSONs } , .JSONs } ~> check "account" : { 244687034288125203496486448490407391986876152250 : { "code" : "" , "nonce" : "0x00" , "storage" : { .JSONs } , .JSONs } , .JSONs } ~> check "account" : { "0x6a0a0fc761c612c340a0e98d33b37a75e5268472" : { "balance" : "0x0de0b6b3a7640000" , "code" : "0x7f6004600c60003960046000f3600035ff00000000000000000000000000000000600052602060006000f0600054805b6001018060005260008060208180876006f1506001018060005260008060208180876006f1506001018060005260008060208180876006f1506001018060005260008060208180876006f1506001018060005260008060208180876006f1506001018060005260008060208180876006f1506001018060005260008060208180876006f1506001018060005260008060208180876006f1506001018060005260008060208180876006f1506001018060005260008060208180876006f1506001018060005260008060208180876006f1506001018060005260008060208180876006f1506001018060005260008060208180876006f1506001018060005260008060208180876006f1506001018060005260008060208180876006f1506001018060005260008060208180876006f1506001018060005260008060208180876006f1506001018060005260008060208180876006f1506001018060005260008060208180876006f1506001018060005260008060208180876006f1506001018060005260008060208180876006f1506001018060005260008060208180876006f1506001018060005260008060208180876006f1506001018060005260008060208180876006f1506001018060005260008060208180876006f1506001018060005260008060208180876006f1506001018060005260008060208180876006f1506001018060005260008060208180876006f1506001018060005260008060208180876006f1506001018060005260008060208180876006f1506001018060005260008060208180876006f1506001018060005260008060208180876006f1506001018060005260008060208180876006f1506001018060005260008060208180876006f1506001018060005260008060208180876006f1506001018060005260008060208180876006f1506001018060005260008060208180876006f1506001018060005260008060208180876006f1506001018060005260008060208180876006f1506001018060005260008060208180876006f1505a616000106200002f57600055" , "nonce" : "0x00" , "storage" : { .JSONs } , .JSONs } , "0xa94f5374fce5edbc8e2a8697c15331677e6ebf0b" : { "balance" : "0xe8d498db00" , "code" : "" , "nonce" : "0x01" , "storage" : { .JSONs } , .JSONs } , .JSONs } ~> failure "ContractCreationSpam_d0g0v0_Byzantium" ~> check "ContractCreationSpam_d0g0v0_Byzantium" : { "genesisBlockHeader" : { "bloom" : "0x00000000000000000000000000000000000000000000000000000000000000000000000000000000000000000000000000000000000000000000000000000000000000000000000000000000000000000000000000000000000000000000000000000000000000000000000000000000000000000000000000000000000000000000000000000000000000000000000000000000000000000000000000000000000000000000000000000000000000000000000000000000000000000000000000000000000000000000000000000000000000000000000000000000000000000000000000000000000000000000000000000000000000000000000000000000" , "coinbase" : "0x2adc25665018aa1fe0e6bc666dac8fc2697ff9ba" , "difficulty" : "0x020000" , "extraData" : "0x42" , "gasLimit" : "0x174876e800" , "gasUsed" : "0x00" , "hash" : "0x24a30e4305ac41674b26493c800c05f507e98d3b8bceb0a314f9b9bc43622736" , "mixHash" : "0x56e81f171bcc55a6ff8345e692c0f86e5b48e01b996cadc001622fb5e363b421" , "nonce" : "0x0102030405060708" , "number" : "0x00" , "parentHash" : "0x0000000000000000000000000000000000000000000000000000000000000000" , "receiptTrie" : "0x56e81f171bcc55a6ff8345e692c0f86e5b48e01b996cadc001622fb5e363b421" , "stateRoot" : "0xd54ec35ca872c653659ad91eaa355665c286183b541a0519b3ab765a2d6733c3" , "timestamp" : "0x03b6" , "transactionsTrie" : "0x56e81f171bcc55a6ff8345e692c0f86e5b48e01b996cadc001622fb5e363b421" , "uncleHash" : "0x1dcc4de8dec75d7aab85b567b6ccd41ad312451b948a7413f0a142fd40d49347" , .JSONs } , .JSONs } ~> clear ~> run { .JSONs } ~> success .EthereumSimulation ~> .K
  </k>
  <exit-code>
    1
  </exit-code>
  <mode>
    NORMAL
  </mode>
  <schedule>
    BYZANTIUM
  </schedule>
  <useGas>
    true
  </useGas>
  <ethereum>
    <evm>
      <output>
        b""
      </output>
      <statusCode>
        EVMC_OUT_OF_GAS
      </statusCode>
      <callStack>
        .List
      </callStack>
      <interimStates>
        .List
      </interimStates>
      <touchedAccounts>
        .Set
      </touchedAccounts>
      <callState>
        <program>
          b""
        </program>
        <jumpDests>
          b""
        </jumpDests>
        <id>
          .Account
        </id>
        <caller>
          .Account
        </caller>
        <callData>
          b""
        </callData>
        <callValue>
          0
        </callValue>
        <wordStack>
          .WordStack
        </wordStack>
        <localMem>
          b""
        </localMem>
        <pc>
          0
        </pc>
        <gas>
          0
        </gas>
        <memoryUsed>
          0
        </memoryUsed>
        <callGas>
          779000
        </callGas>
        <static>
          false
        </static>
        <callDepth>
          -1
        </callDepth>
      </callState>
      <versionedHashes>
        .List
      </versionedHashes>
      <substate>
        <selfDestruct>
          .Set
        </selfDestruct>
        <log>
          .List
        </log>
        <refund>
          0
        </refund>
        <accessedAccounts>
          .Set
        </accessedAccounts>
        <accessedStorage>
          .Map
        </accessedStorage>
        <createdAccounts>
          .Set
        </createdAccounts>
      </substate>
      <gasPrice>
        1
      </gasPrice>
      <origin>
        966588469268559010541288244128342317224451555083
      </origin>
      <blockhashes>
        ListItem ( 16571357051919171647812252688150536926893680553418066239369932048252618811190 )
        ListItem ( 0 )
      </blockhashes>
      <previousExcessBlobGas>
        0
      </previousExcessBlobGas>
      <previousBlobGasUsed>
        0
      </previousBlobGasUsed>
      <block>
        <previousHash>
          16571357051919171647812252688150536926893680553418066239369932048252618811190
        </previousHash>
        <ommersHash>
          13478047122767188135818125966132228187941283477090363246179690878162135454535
        </ommersHash>
        <coinbase>
          244687034288125203496486448490407391986876152250
        </coinbase>
        <stateRoot>
          1477430059799533586754885186927219234403198845911817080209357323761022280530
        </stateRoot>
        <transactionsRoot>
          14551815498284840264014857837325028947526850354915646895726655739316204140538
        </transactionsRoot>
        <receiptsRoot>
          10466540833385543789724272542100884313025723654884224509797710346113521885942
        </receiptsRoot>
        <logsBloom>
          b"\x00\x00\x00\x00\x00\x00\x00\x00\x00\x00\x00\x00\x00\x00\x00\x00\x00\x00\x00\x00\x00\x00\x00\x00\x00\x00\x00\x00\x00\x00\x00\x00\x00\x00\x00\x00\x00\x00\x00\x00\x00\x00\x00\x00\x00\x00\x00\x00\x00\x00\x00\x00\x00\x00\x00\x00\x00\x00\x00\x00\x00\x00\x00\x00\x00\x00\x00\x00\x00\x00\x00\x00\x00\x00\x00\x00\x00\x00\x00\x00\x00\x00\x00\x00\x00\x00\x00\x00\x00\x00\x00\x00\x00\x00\x00\x00\x00\x00\x00\x00\x00\x00\x00\x00\x00\x00\x00\x00\x00\x00\x00\x00\x00\x00\x00\x00\x00\x00\x00\x00\x00\x00\x00\x00\x00\x00\x00\x00\x00\x00\x00\x00\x00\x00\x00\x00\x00\x00\x00\x00\x00\x00\x00\x00\x00\x00\x00\x00\x00\x00\x00\x00\x00\x00\x00\x00\x00\x00\x00\x00\x00\x00\x00\x00\x00\x00\x00\x00\x00\x00\x00\x00\x00\x00\x00\x00\x00\x00\x00\x00\x00\x00\x00\x00\x00\x00\x00\x00\x00\x00\x00\x00\x00\x00\x00\x00\x00\x00\x00\x00\x00\x00\x00\x00\x00\x00\x00\x00\x00\x00\x00\x00\x00\x00\x00\x00\x00\x00\x00\x00\x00\x00\x00\x00\x00\x00\x00\x00\x00\x00\x00\x00\x00\x00\x00\x00\x00\x00\x00\x00\x00\x00\x00\x00\x00\x00\x00\x00\x00\x00\x00\x00\x00\x00\x00\x00"
        </logsBloom>
        <difficulty>
          131072
        </difficulty>
        <number>
          1
        </number>
        <gasLimit>
          100000000000
        </gasLimit>
        <gasUsed>
          800000
        </gasUsed>
        <timestamp>
          1000
        </timestamp>
        <extraData>
          b""
        </extraData>
        <mixHash>
          0
        </mixHash>
        <blockNonce>
          0
        </blockNonce>
        <baseFee>
          0
        </baseFee>
        <withdrawalsRoot>
          0
        </withdrawalsRoot>
        <blobGasUsed>
          0
        </blobGasUsed>
        <excessBlobGas>
          0
        </excessBlobGas>
        <beaconRoot>
          0
        </beaconRoot>
        <requestsRoot>
          0
        </requestsRoot>
        <ommerBlockHeaders>
          [ .JSONs ]
        </ommerBlockHeaders>
      </block>
    </evm>
    <network>
      <chainID>
        1
      </chainID>
      <accounts>
        <account>
          <acctID>
            244687034288125203496486448490407391986876152250
          </acctID>
          <balance>
            3000000000000800000
          </balance>
          <code>
            b""
          </code>
          <storage>
            .Map
          </storage>
          <origStorage>
            .Map
          </origStorage>
          <transientStorage>
            .Map
          </transientStorage>
          <nonce>
            0
          </nonce>
        </account> <account>
          <acctID>
            605377403689755860392575400028894927315383256178
          </acctID>
          <balance>
            1000000000000000000
          </balance>
          <code>
            b"\x7f`\x04`\f`\x009`\x04`\x00\xf3`\x005\xff\x00\x00\x00\x00\x00\x00\x00\x00\x00\x00\x00\x00\x00\x00\x00\x00`\x00R` `\x00`\x00\xf0`\x00T\x80[`\x01\x01\x80`\x00R`\x00\x80` \x81\x80\x87`\x06\xf1P`\x01\x01\x80`\x00R`\x00\x80` \x81\x80\x87`\x06\xf1P`\x01\x01\x80`\x00R`\x00\x80` \x81\x80\x87`\x06\xf1P`\x01\x01\x80`\x00R`\x00\x80` \x81\x80\x87`\x06\xf1P`\x01\x01\x80`\x00R`\x00\x80` \x81\x80\x87`\x06\xf1P`\x01\x01\x80`\x00R`\x00\x80` \x81\x80\x87`\x06\xf1P`\x01\x01\x80`\x00R`\x00\x80` \x81\x80\x87`\x06\xf1P`\x01\x01\x80`\x00R`\x00\x80` \x81\x80\x87`\x06\xf1P`\x01\x01\x80`\x00R`\x00\x80` \x81\x80\x87`\x06\xf1P`\x01\x01\x80`\x00R`\x00\x80` \x81\x80\x87`\x06\xf1P`\x01\x01\x80`\x00R`\x00\x80` \x81\x80\x87`\x06\xf1P`\x01\x01\x80`\x00R`\x00\x80` \x81\x80\x87`\x06\xf1P`\x01\x01\x80`\x00R`\x00\x80` \x81\x80\x87`\x06\xf1P`\x01\x01\x80`\x00R`\x00\x80` \x81\x80\x87`\x06\xf1P`\x01\x01\x80`\x00R`\x00\x80` \x81\x80\x87`\x06\xf1P`\x01\x01\x80`\x00R`\x00\x80` \x81\x80\x87`\x06\xf1P`\x01\x01\x80`\x00R`\x00\x80` \x81\x80\x87`\x06\xf1P`\x01\x01\x80`\x00R`\x00\x80` \x81\x80\x87`\x06\xf1P`\x01\x01\x80`\x00R`\x00\x80` \x81\x80\x87`\x06\xf1P`\x01\x01\x80`\x00R`\x00\x80` \x81\x80\x87`\x06\xf1P`\x01\x01\x80`\x00R`\x00\x80` \x81\x80\x87`\x06\xf1P`\x01\x01\x80`\x00R`\x00\x80` \x81\x80\x87`\x06\xf1P`\x01\x01\x80`\x00R`\x00\x80` \x81\x80\x87`\x06\xf1P`\x01\x01\x80`\x00R`\x00\x80` \x81\x80\x87`\x06\xf1P`\x01\x01\x80`\x00R`\x00\x80` \x81\x80\x87`\x06\xf1P`\x01\x01\x80`\x00R`\x00\x80` \x81\x80\x87`\x06\xf1P`\x01\x01\x80`\x00R`\x00\x80` \x81\x80\x87`\x06\xf1P`\x01\x01\x80`\x00R`\x00\x80` \x81\x80\x87`\x06\xf1P`\x01\x01\x80`\x00R`\x00\x80` \x81\x80\x87`\x06\xf1P`\x01\x01\x80`\x00R`\x00\x80` \x81\x80\x87`\x06\xf1P`\x01\x01\x80`\x00R`\x00\x80` \x81\x80\x87`\x06\xf1P`\x01\x01\x80`\x00R`\x00\x80` \x81\x80\x87`\x06\xf1P`\x01\x01\x80`\x00R`\x00\x80` \x81\x80\x87`\x06\xf1P`\x01\x01\x80`\x00R`\x00\x80` \x81\x80\x87`\x06\xf1P`\x01\x01\x80`\x00R`\x00\x80` \x81\x80\x87`\x06\xf1P`\x01\x01\x80`\x00R`\x00\x80` \x81\x80\x87`\x06\xf1P`\x01\x01\x80`\x00R`\x00\x80` \x81\x80\x87`\x06\xf1P`\x01\x01\x80`\x00R`\x00\x80` \x81\x80\x87`\x06\xf1P`\x01\x01\x80`\x00R`\x00\x80` \x81\x80\x87`\x06\xf1P`\x01\x01\x80`\x00R`\x00\x80` \x81\x80\x87`\x06\xf1PZa`\x00\x10b\x00\x00/W`\x00U"
          </code>
          <storage>
            .Map
          </storage>
          <origStorage>
            .Map
          </origStorage>
          <transientStorage>
            .Map
          </transientStorage>
          <nonce>
            0
          </nonce>
        </account> <account>
          <acctID>
            966588469268559010541288244128342317224451555083
          </acctID>
          <balance>
            999999200000
          </balance>
          <code>
            b""
          </code>
          <storage>
            .Map
          </storage>
          <origStorage>
            .Map
          </origStorage>
          <transientStorage>
            .Map
          </transientStorage>
          <nonce>
            1
          </nonce>
        </account> <account>
          <acctID>
            1167766894475069270441227884904096439843862160299
          </acctID>
          <balance>
            0
          </balance>
          <code>
            b""
          </code>
          <storage>
            .Map
          </storage>
          <origStorage>
            .Map
          </origStorage>
          <transientStorage>
            .Map
          </transientStorage>
          <nonce>
            0
          </nonce>
        </account>
      </accounts>
      <txOrder>
        .List
      </txOrder>
      <txPending>
        .List
      </txPending>
      <messages>
        <message>
          <msgID>
            0
          </msgID>
          <txNonce>
            0
          </txNonce>
          <txGasPrice>
            1
          </txGasPrice>
          <txGasLimit>
            800000
          </txGasLimit>
          <to>
            605377403689755860392575400028894927315383256178
          </to>
          <value>
            0
          </value>
          <sigV>
            27
          </sigV>
          <sigR>
            b"\xac\xa0\xd1E\xae]'\xedB\x7f\xf0\xe4c\xb8\xa4a\x81\xd4xlC}n\xfb\x997\xa6\x99\x06\x94\xafz"
          </sigR>
          <sigS>
            b"\x0f\x9b\xd6\x8e\xce\x8f8\xef(6\x15<\xd0\xbb\x85\xec\x92\xf88aw\xf6\xe6\x8dT7\xab{}\rca"
          </sigS>
          <data>
            b""
          </data>
          <txAccess>
            [ .JSONs ]
          </txAccess>
          <txChainID>
            1
          </txChainID>
          <txPriorityFee>
            1
          </txPriorityFee>
          <txMaxFee>
            1
          </txMaxFee>
          <txType>
            Legacy
          </txType>
          <txMaxBlobFee>
            0
          </txMaxBlobFee>
          <txVersionedHashes>
            .List
          </txVersionedHashes>
        </message>
      </messages>
      <withdrawalsPending>
        .List
      </withdrawalsPending>
      <withdrawalsOrder>
        .List
      </withdrawalsOrder>
      <withdrawals>
        .WithdrawalCellMap
      </withdrawals>
      <requests>
        <depositRequests>
          .List
        </depositRequests>
      </requests>
    </network>
  </ethereum>
</kevm>