<kevm>
  <k>
    check "account" : { 966588469268559010541288244128342317224451555083 : { "balance" : 1001970324836867710 , .JSONs } , .JSONs } ~> check "account" : { 966588469268559010541288244128342317224451555083 : { "code" : "" , "nonce" : "0x01" , "storage" : { .JSONs } , .JSONs } , .JSONs } ~> failure "static_callcodecallcodecall_110_OOGMAfter_2_d0g0v0_Byzantium" ~> check "static_callcodecallcodecall_110_OOGMAfter_2_d0g0v0_Byzantium" : { "genesisBlockHeader" : { "bloom" : "0x00000000000000000000000000000000000000000000000000000000000000000000000000000000000000000000000000000000000000000000000000000000000000000000000000000000000000000000000000000000000000000000000000000000000000000000000000000000000000000000000000000000000000000000000000000000000000000000000000000000000000000000000000000000000000000000000000000000000000000000000000000000000000000000000000000000000000000000000000000000000000000000000000000000000000000000000000000000000000000000000000000000000000000000000000000000" , "coinbase" : "0x2adc25665018aa1fe0e6bc666dac8fc2697ff9ba" , "difficulty" : "0x020000" , "extraData" : "0x42" , "gasLimit" : "0x989680" , "gasUsed" : "0x00" , "hash" : "0x0a7e2b8a4aa7775ef54a4f52912179dce2f358c63ce1d83b8d5c727383c87b97" , "mixHash" : "0x56e81f171bcc55a6ff8345e692c0f86e5b48e01b996cadc001622fb5e363b421" , "nonce" : "0x0102030405060708" , "number" : "0x00" , "parentHash" : "0x0000000000000000000000000000000000000000000000000000000000000000" , "receiptTrie" : "0x56e81f171bcc55a6ff8345e692c0f86e5b48e01b996cadc001622fb5e363b421" , "stateRoot" : "0xc88416a824e0fab43548e2b3650663c6d3559644f5eb3cfec3a36e2683f28c3c" , "timestamp" : "0x03b6" , "transactionsTrie" : "0x56e81f171bcc55a6ff8345e692c0f86e5b48e01b996cadc001622fb5e363b421" , "uncleHash" : "0x1dcc4de8dec75d7aab85b567b6ccd41ad312451b948a7413f0a142fd40d49347" , .JSONs } , .JSONs } ~> clear ~> run { .JSONs } ~> success .EthereumSimulation ~> .K
  </k>
  <exit-code>
    1
  </exit-code>
  <mode>
    NORMAL
  </mode>
  <schedule>
    BYZANTIUM
  </schedule>
  <useGas>
    true
  </useGas>
  <ethereum>
    <evm>
      <output>
        b""
      </output>
      <statusCode>
        EVMC_SUCCESS
      </statusCode>
      <callStack>
        .List
      </callStack>
      <interimStates>
        .List
      </interimStates>
      <touchedAccounts>
        .Set
      </touchedAccounts>
      <callState>
        <program>
          b""
        </program>
        <jumpDests>
          b""
        </jumpDests>
        <id>
          .Account
        </id>
        <caller>
          .Account
        </caller>
        <callData>
          b""
        </callData>
        <callValue>
          0
        </callValue>
        <wordStack>
          .WordStack
        </wordStack>
        <localMem>
          b""
        </localMem>
        <pc>
          0
        </pc>
        <gas>
          65118
        </gas>
        <memoryUsed>
          0
        </memoryUsed>
        <callGas>
          151000
        </callGas>
        <static>
          false
        </static>
        <callDepth>
          -1
        </callDepth>
      </callState>
      <versionedHashes>
        .List
      </versionedHashes>
      <substate>
        <selfDestruct>
          .Set
        </selfDestruct>
        <log>
          .List
        </log>
        <refund>
          0
        </refund>
        <accessedAccounts>
          .Set
        </accessedAccounts>
        <accessedStorage>
          .Map
        </accessedStorage>
        <createdAccounts>
          .Set
        </createdAccounts>
      </substate>
      <gasPrice>
        1
      </gasPrice>
      <origin>
        966588469268559010541288244128342317224451555083
      </origin>
      <blockhashes>
        ListItem ( 4746051719422293590722610549793911264493366370041112137154393734119990786967 )
        ListItem ( 0 )
      </blockhashes>
      <previousExcessBlobGas>
        0
      </previousExcessBlobGas>
      <previousBlobGasUsed>
        0
      </previousBlobGasUsed>
      <block>
        <previousHash>
          4746051719422293590722610549793911264493366370041112137154393734119990786967
        </previousHash>
        <ommersHash>
          13478047122767188135818125966132228187941283477090363246179690878162135454535
        </ommersHash>
        <coinbase>
          244687034288125203496486448490407391986876152250
        </coinbase>
        <stateRoot>
          79974408532960288429899711134176742740713630382614279690056500896445772335681
        </stateRoot>
        <transactionsRoot>
          76485805301318466729876335615587142838948560282354297614116042271634807850334
        </transactionsRoot>
        <receiptsRoot>
          69312817154354016080117022606382753832604457950659495524378586854807032464692
        </receiptsRoot>
        <logsBloom>
          b"\x00\x00\x00\x00\x00\x00\x00\x00\x00\x00\x00\x00\x00\x00\x00\x00\x00\x00\x00\x00\x00\x00\x00\x00\x00\x00\x00\x00\x00\x00\x00\x00\x00\x00\x00\x00\x00\x00\x00\x00\x00\x00\x00\x00\x00\x00\x00\x00\x00\x00\x00\x00\x00\x00\x00\x00\x00\x00\x00\x00\x00\x00\x00\x00\x00\x00\x00\x00\x00\x00\x00\x00\x00\x00\x00\x00\x00\x00\x00\x00\x00\x00\x00\x00\x00\x00\x00\x00\x00\x00\x00\x00\x00\x00\x00\x00\x00\x00\x00\x00\x00\x00\x00\x00\x00\x00\x00\x00\x00\x00\x00\x00\x00\x00\x00\x00\x00\x00\x00\x00\x00\x00\x00\x00\x00\x00\x00\x00\x00\x00\x00\x00\x00\x00\x00\x00\x00\x00\x00\x00\x00\x00\x00\x00\x00\x00\x00\x00\x00\x00\x00\x00\x00\x00\x00\x00\x00\x00\x00\x00\x00\x00\x00\x00\x00\x00\x00\x00\x00\x00\x00\x00\x00\x00\x00\x00\x00\x00\x00\x00\x00\x00\x00\x00\x00\x00\x00\x00\x00\x00\x00\x00\x00\x00\x00\x00\x00\x00\x00\x00\x00\x00\x00\x00\x00\x00\x00\x00\x00\x00\x00\x00\x00\x00\x00\x00\x00\x00\x00\x00\x00\x00\x00\x00\x00\x00\x00\x00\x00\x00\x00\x00\x00\x00\x00\x00\x00\x00\x00\x00\x00\x00\x00\x00\x00\x00\x00\x00\x00\x00\x00\x00\x00\x00\x00\x00"
        </logsBloom>
        <difficulty>
          131072
        </difficulty>
        <number>
          1
        </number>
        <gasLimit>
          10000000
        </gasLimit>
        <gasUsed>
          106882
        </gasUsed>
        <timestamp>
          1000
        </timestamp>
        <extraData>
          b""
        </extraData>
        <mixHash>
          0
        </mixHash>
        <blockNonce>
          0
        </blockNonce>
        <baseFee>
          0
        </baseFee>
        <withdrawalsRoot>
          0
        </withdrawalsRoot>
        <blobGasUsed>
          0
        </blobGasUsed>
        <excessBlobGas>
          0
        </excessBlobGas>
        <beaconRoot>
          0
        </beaconRoot>
        <requestsRoot>
          0
        </requestsRoot>
        <ommerBlockHeaders>
          [ .JSONs ]
        </ommerBlockHeaders>
      </block>
    </evm>
    <network>
      <chainID>
        1
      </chainID>
      <accounts>
        <account>
          <acctID>
            91343852333181432387730302044767688728495783936
          </acctID>
          <balance>
            1000000000000000000
          </balance>
          <code>
            b"`@`\x00`@`\x00s\x10\x00\x00\x00\x00\x00\x00\x00\x00\x00\x00\x00\x00\x00\x00\x00\x00\x00\x00\x01a\xea\xf6\xf4`\x00UZ`\x01U"
          </code>
          <storage>
            0 |-> 0
            1 |-> 85121
          </storage>
          <origStorage>
            0 |-> 0
            1 |-> 85121
          </origStorage>
          <transientStorage>
            .Map
          </transientStorage>
          <nonce>
            0
          </nonce>
        </account> <account>
          <acctID>
            91343852333181432387730302044767688728495783937
          </acctID>
          <balance>
            0
          </balance>
          <code>
            b"`@`\x00`@`\x00s\x10\x00\x00\x00\x00\x00\x00\x00\x00\x00\x00\x00\x00\x00\x00\x00\x00\x00\x00\x02a\x9c\x90\xf4P[a\xc3P`\x80Q\x10\x15`>W`\x01;P`\x01`\x80Q\x01`\x80R`\"V["
          </code>
          <storage>
            .Map
          </storage>
          <origStorage>
            .Map
          </origStorage>
          <transientStorage>
            .Map
          </transientStorage>
          <nonce>
            0
          </nonce>
        </account> <account>
          <acctID>
            91343852333181432387730302044767688728495783938
          </acctID>
          <balance>
            0
          </balance>
          <code>
            b"`@`\x00`@`\x00s\x10\x00\x00\x00\x00\x00\x00\x00\x00\x00\x00\x00\x00\x00\x00\x00\x00\x00\x00\x03aN4\xfa"
          </code>
          <storage>
            .Map
          </storage>
          <origStorage>
            .Map
          </origStorage>
          <transientStorage>
            .Map
          </transientStorage>
          <nonce>
            0
          </nonce>
        </account> <account>
          <acctID>
            91343852333181432387730302044767688728495783939
          </acctID>
          <balance>
            0
          </balance>
          <code>
            b"`\x01`\x03R"
          </code>
          <storage>
            .Map
          </storage>
          <origStorage>
            .Map
          </origStorage>
          <transientStorage>
            .Map
          </transientStorage>
          <nonce>
            0
          </nonce>
        </account> <account>
          <acctID>
            244687034288125203496486448490407391986876152250
          </acctID>
          <balance>
            3000000000000106882
          </balance>
          <code>
            b""
          </code>
          <storage>
            .Map
          </storage>
          <origStorage>
            .Map
          </origStorage>
          <transientStorage>
            .Map
          </transientStorage>
          <nonce>
            0
          </nonce>
        </account> <account>
          <acctID>
            966588469268559010541288244128342317224451555083
          </acctID>
          <balance>
            999999999999893118
          </balance>
          <code>
            b""
          </code>
          <storage>
            .Map
          </storage>
          <origStorage>
            .Map
          </origStorage>
          <transientStorage>
            .Map
          </transientStorage>
          <nonce>
            1
          </nonce>
        </account>
      </accounts>
      <txOrder>
        .List
      </txOrder>
      <txPending>
        .List
      </txPending>
      <messages>
        <message>
          <msgID>
            0
          </msgID>
          <txNonce>
            0
          </txNonce>
          <txGasPrice>
            1
          </txGasPrice>
          <txGasLimit>
            172000
          </txGasLimit>
          <to>
            91343852333181432387730302044767688728495783936
          </to>
          <value>
            0
          </value>
          <sigV>
            27
          </sigV>
          <sigR>
            b"\xba\xf8\xa8\xf5\x93%\x06L\xb7\x94A\xe4\xe7\x83P\xce\xdc\xb7\xf7c\x17\xc4\xf8\xd9\xed2\x10%\xdbR\x91k"
          </sigR>
          <sigS>
            b"L\xc9\x88\xdb\x9c\xecW\xed\xa4V\xbb$\"\x01\xbbA\xc7#\xf2B\x7f\xf7P\x12?\x11\xafku\x95G\xe2"
          </sigS>
          <data>
            b""
          </data>
          <txAccess>
            [ .JSONs ]
          </txAccess>
          <txChainID>
            1
          </txChainID>
          <txPriorityFee>
            1
          </txPriorityFee>
          <txMaxFee>
            1
          </txMaxFee>
          <txType>
            Legacy
          </txType>
          <txMaxBlobFee>
            0
          </txMaxBlobFee>
          <txVersionedHashes>
            .List
          </txVersionedHashes>
        </message>
      </messages>
      <withdrawalsPending>
        .List
      </withdrawalsPending>
      <withdrawalsOrder>
        .List
      </withdrawalsOrder>
      <withdrawals>
        .WithdrawalCellMap
      </withdrawals>
      <requests>
        <depositRequests>
          b""
        </depositRequests>
        <withdrawalRequests>
          b""
        </withdrawalRequests>
        <consolidationRequests>
          b""
        </consolidationRequests>
      </requests>
    </network>
  </ethereum>
</kevm>